// Jest Snapshot v1, https://goo.gl/fbAQLP

exports[`config get should throw on wrong number of arguments 1`] = `"ERR wrong number of arguments for 'config|get' command"`;

exports[`config help prints a list over available subcommands 1`] = `
Array [
  "CONFIG <subcommand> [<arg> [value] [opt] ...]. Subcommands are:",
  "GET <pattern>",
  "    Return parameters matching the glob-like <pattern> and their values.",
  "SET <directive> <value>",
  "    Set the configuration <directive> to <value>.",
  "RESETSTAT",
  "    Reset statistics reported by the INFO command.",
  "REWRITE",
  "    Rewrite the configuration file.",
  "HELP",
  "    Prints this help.",
]
`;

exports[`config help should throw on wrong number of arguments 1`] = `"ERR wrong number of arguments for 'config|help' command"`;

exports[`config help should throw on wrong number of arguments 2`] = `"ERR wrong number of arguments for 'config|help' command"`;

exports[`config resetstat should throw on wrong number of arguments 1`] = `"ERR wrong number of arguments for 'config|resetstat' command"`;

exports[`config rewrite should throw on wrong number of arguments 1`] = `"ERR wrong number of arguments for 'config|rewrite' command"`;

exports[`config rewrite throws as redis is running without a config file 1`] = `"ERR The server is running without a config file"`;

exports[`config set should throw as the option does not exist 1`] = `"ERR Unknown option or number of arguments for CONFIG SET - 'maxmockmemory'"`;

exports[`config set should throw as we actually do not support setting the config 1`] = `"ERR Unknown option or number of arguments for CONFIG SET - 'maxmemory'"`;

exports[`config set should throw on wrong number of arguments 1`] = `"ERR wrong number of arguments for 'config|set' command"`;

exports[`config set should throw on wrong number of arguments 2`] = `"ERR wrong number of arguments for 'config|set' command"`;

exports[`config should throw on too few arguments 1`] = `"ERR wrong number of arguments for 'config' command"`;

exports[`config should throw on unknown subcommand 1`] = `"ERR unknown subcommand 'foobar'. Try CONFIG HELP."`;

exports[`configBuffer get should throw on wrong number of arguments 1`] = `"ERR wrong number of arguments for 'config|get' command"`;

exports[`configBuffer help prints a list over available subcommands 1`] = `
Array [
  Object {
    "data": Array [
      67,
      79,
      78,
      70,
      73,
      71,
      32,
      60,
      115,
      117,
      98,
      99,
      111,
      109,
      109,
      97,
      110,
      100,
      62,
      32,
      91,
      60,
      97,
      114,
      103,
      62,
      32,
      91,
      118,
      97,
      108,
      117,
      101,
      93,
      32,
      91,
      111,
      112,
      116,
      93,
      32,
      46,
      46,
      46,
      93,
      46,
      32,
      83,
      117,
      98,
      99,
      111,
      109,
      109,
      97,
      110,
      100,
      115,
      32,
      97,
      114,
      101,
      58,
    ],
    "type": "Buffer",
  },
  Object {
    "data": Array [
      71,
      69,
      84,
      32,
      60,
      112,
      97,
      116,
      116,
      101,
      114,
      110,
      62,
    ],
    "type": "Buffer",
  },
  Object {
    "data": Array [
      32,
      32,
      32,
      32,
      82,
      101,
      116,
      117,
      114,
      110,
      32,
      112,
      97,
      114,
      97,
      109,
      101,
      116,
      101,
      114,
      115,
      32,
      109,
      97,
      116,
      99,
      104,
      105,
      110,
      103,
      32,
      116,
      104,
      101,
      32,
      103,
      108,
      111,
      98,
      45,
      108,
      105,
      107,
      101,
      32,
      60,
      112,
      97,
      116,
      116,
      101,
      114,
      110,
      62,
      32,
      97,
      110,
      100,
      32,
      116,
      104,
      101,
      105,
      114,
      32,
      118,
      97,
      108,
      117,
      101,
      115,
      46,
    ],
    "type": "Buffer",
  },
  Object {
    "data": Array [
      83,
      69,
      84,
      32,
      60,
      100,
      105,
      114,
      101,
      99,
      116,
      105,
      118,
      101,
      62,
      32,
      60,
      118,
      97,
      108,
      117,
      101,
      62,
    ],
    "type": "Buffer",
  },
  Object {
    "data": Array [
      32,
      32,
      32,
      32,
      83,
      101,
      116,
      32,
      116,
      104,
      101,
      32,
      99,
      111,
      110,
      102,
      105,
      103,
      117,
      114,
      97,
      116,
      105,
      111,
      110,
      32,
      60,
      100,
      105,
      114,
      101,
      99,
      116,
      105,
      118,
      101,
      62,
      32,
      116,
      111,
      32,
      60,
      118,
      97,
      108,
      117,
      101,
      62,
      46,
    ],
    "type": "Buffer",
  },
  Object {
    "data": Array [
      82,
      69,
      83,
      69,
      84,
      83,
      84,
      65,
      84,
    ],
    "type": "Buffer",
  },
  Object {
    "data": Array [
      32,
      32,
      32,
      32,
      82,
      101,
      115,
      101,
      116,
      32,
      115,
      116,
      97,
      116,
      105,
      115,
      116,
      105,
      99,
      115,
      32,
      114,
      101,
      112,
      111,
      114,
      116,
      101,
      100,
      32,
      98,
      121,
      32,
      116,
      104,
      101,
      32,
      73,
      78,
      70,
      79,
      32,
      99,
      111,
      109,
      109,
      97,
      110,
      100,
      46,
    ],
    "type": "Buffer",
  },
  Object {
    "data": Array [
      82,
      69,
      87,
      82,
      73,
      84,
      69,
    ],
    "type": "Buffer",
  },
  Object {
    "data": Array [
      32,
      32,
      32,
      32,
      82,
      101,
      119,
      114,
      105,
      116,
      101,
      32,
      116,
      104,
      101,
      32,
      99,
      111,
      110,
      102,
      105,
      103,
      117,
      114,
      97,
      116,
      105,
      111,
      110,
      32,
      102,
      105,
      108,
      101,
      46,
    ],
    "type": "Buffer",
  },
  Object {
    "data": Array [
      72,
      69,
      76,
      80,
    ],
    "type": "Buffer",
  },
  Object {
    "data": Array [
      32,
      32,
      32,
      32,
      80,
      114,
      105,
      110,
      116,
      115,
      32,
      116,
      104,
      105,
      115,
      32,
      104,
      101,
      108,
      112,
      46,
    ],
    "type": "Buffer",
  },
]
`;

exports[`configBuffer help should throw on wrong number of arguments 1`] = `"ERR wrong number of arguments for 'config|help' command"`;

exports[`configBuffer help should throw on wrong number of arguments 2`] = `"ERR wrong number of arguments for 'config|help' command"`;

exports[`configBuffer resetstat should throw on wrong number of arguments 1`] = `"ERR wrong number of arguments for 'config|resetstat' command"`;

exports[`configBuffer rewrite should throw on wrong number of arguments 1`] = `"ERR wrong number of arguments for 'config|rewrite' command"`;

exports[`configBuffer rewrite throws as redis is running without a config file 1`] = `"ERR The server is running without a config file"`;

exports[`configBuffer set should throw as the option does not exist 1`] = `"ERR Unknown option or number of arguments for CONFIG SET - 'maxmockmemory'"`;

exports[`configBuffer set should throw as we actually do not support setting the config 1`] = `"ERR Unknown option or number of arguments for CONFIG SET - 'maxmemory'"`;

exports[`configBuffer set should throw on wrong number of arguments 1`] = `"ERR wrong number of arguments for 'config|set' command"`;

exports[`configBuffer set should throw on wrong number of arguments 2`] = `"ERR wrong number of arguments for 'config|set' command"`;

exports[`configBuffer should throw on too few arguments 1`] = `"ERR wrong number of arguments for 'config' command"`;

exports[`configBuffer should throw on unknown subcommand 1`] = `"ERR unknown subcommand 'foobar'. Try CONFIG HELP."`;
