// Jest Snapshot v1, https://goo.gl/fbAQLP

exports[`info should return default info with CRLF 1`] = `"redis_version:7.0.12"`;

exports[`info should return enough info to be useful 1`] = `
[
  "# Server
",
  "redis_version:7.0.12
",
  "redis_git_sha1:00000000
",
  "redis_git_dirty:0
",
  "redis_build_id:bf86f713484a4108
",
  "redis_mode:standalone
",
  "os:Linux 5.15.0-1038-azure x86_64
",
  "arch_bits:64
",
  "monotonic_clock:POSIX clock_gettime
",
  "multiplexing_api:epoll
",
  "atomicvar_api:c11-builtin
",
  "gcc_version:12.2.0
",
  "process_id:1
",
  "process_supervised:no
",
  "run_id:88ad370a55022b0ec695c216693543d42268024a
",
  "tcp_port:6379
",
  "server_time_usec:1689363991049359
",
  "uptime_in_seconds:102
",
  "uptime_in_days:0
",
  "hz:10
",
  "configured_hz:10
",
  "lru_clock:11642390
",
  "executable:/tmp/redis-server
",
  "config_file:
",
  "io_threads_active:0
",
  "
",
  "# Clients
",
  "connected_clients:1
",
  "cluster_connections:0
",
  "maxclients:10000
",
  "client_recent_max_input_buffer:20480
",
  "client_recent_max_output_buffer:0
",
  "blocked_clients:0
",
  "tracking_clients:0
",
  "clients_in_timeout_table:0
",
  "
",
  "# Memory
",
  "used_memory:4117464
",
  "used_memory_human:3.93M
",
  "used_memory_rss:15400960
",
  "used_memory_rss_human:14.69M
",
  "used_memory_peak:4202536
",
  "used_memory_peak_human:4.01M
",
  "used_memory_peak_perc:97.98%
",
  "used_memory_overhead:864408
",
  "used_memory_startup:862048
",
  "used_memory_dataset:3253056
",
  "used_memory_dataset_perc:99.93%
",
  "allocator_allocated:4259856
",
  "allocator_active:5156864
",
  "allocator_resident:9850880
",
  "total_system_memory:7281262592
",
  "total_system_memory_human:6.78G
",
  "used_memory_lua:40960
",
  "used_memory_vm_eval:40960
",
  "used_memory_lua_human:40.00K
",
  "used_memory_scripts_eval:2176
",
  "number_of_cached_scripts:11
",
  "number_of_functions:0
",
  "number_of_libraries:0
",
  "used_memory_vm_functions:32768
",
  "used_memory_vm_total:73728
",
  "used_memory_vm_total_human:72.00K
",
  "used_memory_functions:184
",
  "used_memory_scripts:2360
",
  "used_memory_scripts_human:2.30K
",
  "maxmemory:0
",
  "maxmemory_human:0B
",
  "maxmemory_policy:noeviction
",
  "allocator_frag_ratio:1.21
",
  "allocator_frag_bytes:897008
",
  "allocator_rss_ratio:1.91
",
  "allocator_rss_bytes:4694016
",
  "rss_overhead_ratio:1.56
",
  "rss_overhead_bytes:5550080
",
  "mem_fragmentation_ratio:3.78
",
  "mem_fragmentation_bytes:11323368
",
  "mem_not_counted_for_evict:0
",
  "mem_replication_backlog:0
",
  "mem_total_replication_buffers:0
",
  "mem_clients_slaves:0
",
  "mem_clients_normal:0
",
  "mem_cluster_links:0
",
  "mem_aof_buffer:0
",
  "mem_allocator:jemalloc-5.2.1
",
  "active_defrag_running:0
",
  "lazyfree_pending_objects:0
",
  "lazyfreed_objects:0
",
  "
",
  "# Persistence
",
  "loading:0
",
  "async_loading:0
",
  "current_cow_peak:0
",
  "current_cow_size:0
",
  "current_cow_size_age:0
",
  "current_fork_perc:0.00
",
  "current_save_keys_processed:0
",
  "current_save_keys_total:0
",
  "rdb_changes_since_last_save:0
",
  "rdb_bgsave_in_progress:0
",
  "rdb_last_save_time:1689363990
",
  "rdb_last_bgsave_status:ok
",
  "rdb_last_bgsave_time_sec:0
",
  "rdb_current_bgsave_time_sec:-1
",
  "rdb_saves:3
",
  "rdb_last_cow_size:241664
",
  "rdb_last_load_keys_expired:0
",
  "rdb_last_load_keys_loaded:0
",
  "aof_enabled:0
",
  "aof_rewrite_in_progress:0
",
  "aof_rewrite_scheduled:0
",
  "aof_last_rewrite_time_sec:0
",
  "aof_current_rewrite_time_sec:-1
",
  "aof_last_bgrewrite_status:ok
",
  "aof_rewrites:1
",
  "aof_rewrites_consecutive_failures:0
",
  "aof_last_write_status:ok
",
  "aof_last_cow_size:237568
",
  "module_fork_in_progress:0
",
  "module_fork_last_cow_size:0
",
  "
",
  "# Stats
",
  "total_connections_received:956
",
  "total_commands_processed:2835
",
  "instantaneous_ops_per_sec:35
",
  "total_net_input_bytes:75613
",
  "total_net_output_bytes:4810771
",
  "total_net_repl_input_bytes:0
",
  "total_net_repl_output_bytes:0
",
  "instantaneous_input_kbps:0.67
",
  "instantaneous_output_kbps:76.13
",
  "instantaneous_input_repl_kbps:0.00
",
  "instantaneous_output_repl_kbps:0.00
",
  "rejected_connections:0
",
  "sync_full:0
",
  "sync_partial_ok:0
",
  "sync_partial_err:0
",
  "expired_keys:16
",
  "expired_stale_perc:0.57
",
  "expired_time_cap_reached_count:0
",
  "expire_cycle_cpu_milliseconds:0
",
  "evicted_keys:0
",
  "evicted_clients:0
",
  "total_eviction_exceeded_time:0
",
  "current_eviction_exceeded_time:0
",
  "keyspace_hits:381
",
  "keyspace_misses:147
",
  "pubsub_channels:0
",
  "pubsub_patterns:0
",
  "pubsubshard_channels:0
",
  "latest_fork_usec:805
",
  "total_forks:2
",
  "migrate_cached_sockets:0
",
  "slave_expires_tracked_keys:0
",
  "active_defrag_hits:0
",
  "active_defrag_misses:0
",
  "active_defrag_key_hits:0
",
  "active_defrag_key_misses:0
",
  "total_active_defrag_time:0
",
  "current_active_defrag_time:0
",
  "tracking_total_keys:0
",
  "tracking_total_items:0
",
  "tracking_total_prefixes:0
",
  "unexpected_error_replies:0
",
  "total_error_replies:87
",
  "dump_payload_sanitizations:0
",
  "total_reads_processed:3781
",
  "total_writes_processed:2829
",
  "io_threaded_reads_processed:0
",
  "io_threaded_writes_processed:0
",
  "reply_buffer_shrinks:22
",
  "reply_buffer_expands:0
",
  "
",
  "# Replication
",
  "role:master
",
  "connected_slaves:0
",
  "master_failover_state:no-failover
",
  "master_replid:9da96373a3831ea00909ce0a4c3028599409d7e2
",
  "master_replid2:0000000000000000000000000000000000000000
",
  "master_repl_offset:0
",
  "second_repl_offset:-1
",
  "repl_backlog_active:0
",
  "repl_backlog_size:1048576
",
  "repl_backlog_first_byte_offset:0
",
  "repl_backlog_histlen:0
",
  "
",
  "# CPU
",
  "used_cpu_sys:0.577410
",
  "used_cpu_user:0.374183
",
  "used_cpu_sys_children:0.000000
",
  "used_cpu_user_children:0.006217
",
  "used_cpu_sys_main_thread:0.573603
",
  "used_cpu_user_main_thread:0.374383
",
  "
",
  "# Modules
",
  "
",
  "# Errorstats
",
  "errorstat_ERR:count=66
",
  "errorstat_NOSCRIPT:count=2
",
  "errorstat_WRONGTYPE:count=19
",
  "
",
  "# Cluster
",
  "cluster_enabled:0
",
  "
",
  "# Keyspace
",
  "",
]
`;

exports[`info should return the Redis version number used during end-to-end testing 1`] = `
"redis_version:7.0.12
"
`;

exports[`infoBuffer should return default info with CRLF 1`] = `"redis_version:7.0.12"`;

exports[`infoBuffer should return enough info to be useful 1`] = `
[
  "# Server
",
  "redis_version:7.0.12
",
  "redis_git_sha1:00000000
",
  "redis_git_dirty:0
",
  "redis_build_id:bf86f713484a4108
",
  "redis_mode:standalone
",
  "os:Linux 5.15.0-1038-azure x86_64
",
  "arch_bits:64
",
  "monotonic_clock:POSIX clock_gettime
",
  "multiplexing_api:epoll
",
  "atomicvar_api:c11-builtin
",
  "gcc_version:12.2.0
",
  "process_id:1
",
  "process_supervised:no
",
  "run_id:88ad370a55022b0ec695c216693543d42268024a
",
  "tcp_port:6379
",
  "server_time_usec:1689363991049359
",
  "uptime_in_seconds:102
",
  "uptime_in_days:0
",
  "hz:10
",
  "configured_hz:10
",
  "lru_clock:11642390
",
  "executable:/tmp/redis-server
",
  "config_file:
",
  "io_threads_active:0
",
  "
",
  "# Clients
",
  "connected_clients:1
",
  "cluster_connections:0
",
  "maxclients:10000
",
  "client_recent_max_input_buffer:20480
",
  "client_recent_max_output_buffer:0
",
  "blocked_clients:0
",
  "tracking_clients:0
",
  "clients_in_timeout_table:0
",
  "
",
  "# Memory
",
  "used_memory:4117464
",
  "used_memory_human:3.93M
",
  "used_memory_rss:15400960
",
  "used_memory_rss_human:14.69M
",
  "used_memory_peak:4202536
",
  "used_memory_peak_human:4.01M
",
  "used_memory_peak_perc:97.98%
",
  "used_memory_overhead:864408
",
  "used_memory_startup:862048
",
  "used_memory_dataset:3253056
",
  "used_memory_dataset_perc:99.93%
",
  "allocator_allocated:4259856
",
  "allocator_active:5156864
",
  "allocator_resident:9850880
",
  "total_system_memory:7281262592
",
  "total_system_memory_human:6.78G
",
  "used_memory_lua:40960
",
  "used_memory_vm_eval:40960
",
  "used_memory_lua_human:40.00K
",
  "used_memory_scripts_eval:2176
",
  "number_of_cached_scripts:11
",
  "number_of_functions:0
",
  "number_of_libraries:0
",
  "used_memory_vm_functions:32768
",
  "used_memory_vm_total:73728
",
  "used_memory_vm_total_human:72.00K
",
  "used_memory_functions:184
",
  "used_memory_scripts:2360
",
  "used_memory_scripts_human:2.30K
",
  "maxmemory:0
",
  "maxmemory_human:0B
",
  "maxmemory_policy:noeviction
",
  "allocator_frag_ratio:1.21
",
  "allocator_frag_bytes:897008
",
  "allocator_rss_ratio:1.91
",
  "allocator_rss_bytes:4694016
",
  "rss_overhead_ratio:1.56
",
  "rss_overhead_bytes:5550080
",
  "mem_fragmentation_ratio:3.78
",
  "mem_fragmentation_bytes:11323368
",
  "mem_not_counted_for_evict:0
",
  "mem_replication_backlog:0
",
  "mem_total_replication_buffers:0
",
  "mem_clients_slaves:0
",
  "mem_clients_normal:0
",
  "mem_cluster_links:0
",
  "mem_aof_buffer:0
",
  "mem_allocator:jemalloc-5.2.1
",
  "active_defrag_running:0
",
  "lazyfree_pending_objects:0
",
  "lazyfreed_objects:0
",
  "
",
  "# Persistence
",
  "loading:0
",
  "async_loading:0
",
  "current_cow_peak:0
",
  "current_cow_size:0
",
  "current_cow_size_age:0
",
  "current_fork_perc:0.00
",
  "current_save_keys_processed:0
",
  "current_save_keys_total:0
",
  "rdb_changes_since_last_save:0
",
  "rdb_bgsave_in_progress:0
",
  "rdb_last_save_time:1689363990
",
  "rdb_last_bgsave_status:ok
",
  "rdb_last_bgsave_time_sec:0
",
  "rdb_current_bgsave_time_sec:-1
",
  "rdb_saves:3
",
  "rdb_last_cow_size:241664
",
  "rdb_last_load_keys_expired:0
",
  "rdb_last_load_keys_loaded:0
",
  "aof_enabled:0
",
  "aof_rewrite_in_progress:0
",
  "aof_rewrite_scheduled:0
",
  "aof_last_rewrite_time_sec:0
",
  "aof_current_rewrite_time_sec:-1
",
  "aof_last_bgrewrite_status:ok
",
  "aof_rewrites:1
",
  "aof_rewrites_consecutive_failures:0
",
  "aof_last_write_status:ok
",
  "aof_last_cow_size:237568
",
  "module_fork_in_progress:0
",
  "module_fork_last_cow_size:0
",
  "
",
  "# Stats
",
  "total_connections_received:956
",
  "total_commands_processed:2835
",
  "instantaneous_ops_per_sec:35
",
  "total_net_input_bytes:75613
",
  "total_net_output_bytes:4810771
",
  "total_net_repl_input_bytes:0
",
  "total_net_repl_output_bytes:0
",
  "instantaneous_input_kbps:0.67
",
  "instantaneous_output_kbps:76.13
",
  "instantaneous_input_repl_kbps:0.00
",
  "instantaneous_output_repl_kbps:0.00
",
  "rejected_connections:0
",
  "sync_full:0
",
  "sync_partial_ok:0
",
  "sync_partial_err:0
",
  "expired_keys:16
",
  "expired_stale_perc:0.57
",
  "expired_time_cap_reached_count:0
",
  "expire_cycle_cpu_milliseconds:0
",
  "evicted_keys:0
",
  "evicted_clients:0
",
  "total_eviction_exceeded_time:0
",
  "current_eviction_exceeded_time:0
",
  "keyspace_hits:381
",
  "keyspace_misses:147
",
  "pubsub_channels:0
",
  "pubsub_patterns:0
",
  "pubsubshard_channels:0
",
  "latest_fork_usec:805
",
  "total_forks:2
",
  "migrate_cached_sockets:0
",
  "slave_expires_tracked_keys:0
",
  "active_defrag_hits:0
",
  "active_defrag_misses:0
",
  "active_defrag_key_hits:0
",
  "active_defrag_key_misses:0
",
  "total_active_defrag_time:0
",
  "current_active_defrag_time:0
",
  "tracking_total_keys:0
",
  "tracking_total_items:0
",
  "tracking_total_prefixes:0
",
  "unexpected_error_replies:0
",
  "total_error_replies:87
",
  "dump_payload_sanitizations:0
",
  "total_reads_processed:3781
",
  "total_writes_processed:2829
",
  "io_threaded_reads_processed:0
",
  "io_threaded_writes_processed:0
",
  "reply_buffer_shrinks:22
",
  "reply_buffer_expands:0
",
  "
",
  "# Replication
",
  "role:master
",
  "connected_slaves:0
",
  "master_failover_state:no-failover
",
  "master_replid:9da96373a3831ea00909ce0a4c3028599409d7e2
",
  "master_replid2:0000000000000000000000000000000000000000
",
  "master_repl_offset:0
",
  "second_repl_offset:-1
",
  "repl_backlog_active:0
",
  "repl_backlog_size:1048576
",
  "repl_backlog_first_byte_offset:0
",
  "repl_backlog_histlen:0
",
  "
",
  "# CPU
",
  "used_cpu_sys:0.577410
",
  "used_cpu_user:0.374183
",
  "used_cpu_sys_children:0.000000
",
  "used_cpu_user_children:0.006217
",
  "used_cpu_sys_main_thread:0.573603
",
  "used_cpu_user_main_thread:0.374383
",
  "
",
  "# Modules
",
  "
",
  "# Errorstats
",
  "errorstat_ERR:count=66
",
  "errorstat_NOSCRIPT:count=2
",
  "errorstat_WRONGTYPE:count=19
",
  "
",
  "# Cluster
",
  "cluster_enabled:0
",
  "
",
  "# Keyspace
",
  "",
]
`;

exports[`infoBuffer should return the Redis version number used during end-to-end testing 1`] = `
"redis_version:7.0.12
"
`;
