// Jest Snapshot v1, https://goo.gl/fbAQLP

exports[`info should return default info with CRLF 1`] = `"redis_version:8.2.1"`;

exports[`info should return enough info to be useful 1`] = `
[
  "# Server
",
  "redis_version:8.2.1
",
  "redis_git_sha1:00000000
",
  "redis_git_dirty:1
",
  "redis_build_id:dd46127e0d04fdb3
",
  "redis_mode:standalone
",
  "os:Darwin 24.5.0 arm64
",
  "arch_bits:64
",
  "monotonic_clock:POSIX clock_gettime
",
  "multiplexing_api:kqueue
",
  "atomicvar_api:c11-builtin
",
  "gcc_version:4.2.1
",
  "process_id:91601
",
  "process_supervised:no
",
  "run_id:6807cbd85489a778609e04bb7074bb5387ccc72b
",
  "tcp_port:6379
",
  "server_time_usec:1758900020283221
",
  "uptime_in_seconds:326
",
  "uptime_in_days:0
",
  "hz:10
",
  "configured_hz:10
",
  "lru_clock:14069556
",
  "executable:/tmp/redis-server
",
  "config_file:/opt/homebrew/etc/redis.conf
",
  "io_threads_active:0
",
  "listener0:name=tcp,bind=127.0.0.1,bind=::1,port=6379
",
  "
",
  "# Clients
",
  "connected_clients:1
",
  "cluster_connections:0
",
  "maxclients:10000
",
  "client_recent_max_input_buffer:0
",
  "client_recent_max_output_buffer:0
",
  "blocked_clients:0
",
  "tracking_clients:0
",
  "pubsub_clients:0
",
  "watching_clients:0
",
  "clients_in_timeout_table:0
",
  "total_watched_keys:0
",
  "total_blocking_keys:0
",
  "total_blocking_keys_on_nokey:0
",
  "
",
  "# Memory
",
  "used_memory:4354736
",
  "used_memory_human:4.15M
",
  "used_memory_rss:13795328
",
  "used_memory_rss_human:13.16M
",
  "used_memory_peak:5180592
",
  "used_memory_peak_human:4.94M
",
  "used_memory_peak_time:1758899914
",
  "used_memory_peak_perc:84.06%
",
  "used_memory_overhead:883392
",
  "used_memory_startup:801792
",
  "used_memory_dataset:3471344
",
  "used_memory_dataset_perc:97.70%
",
  "allocator_allocated:4334864
",
  "allocator_active:13795328
",
  "allocator_resident:13795328
",
  "allocator_muzzy:0
",
  "total_system_memory:137438953472
",
  "total_system_memory_human:128.00G
",
  "used_memory_lua:46080
",
  "used_memory_vm_eval:46080
",
  "used_memory_lua_human:45.00K
",
  "used_memory_scripts_eval:2536
",
  "number_of_cached_scripts:11
",
  "number_of_functions:0
",
  "number_of_libraries:0
",
  "used_memory_vm_functions:32768
",
  "used_memory_vm_total:78848
",
  "used_memory_vm_total_human:77.00K
",
  "used_memory_functions:216
",
  "used_memory_scripts:2752
",
  "used_memory_scripts_human:2.69K
",
  "maxmemory:0
",
  "maxmemory_human:0B
",
  "maxmemory_policy:noeviction
",
  "allocator_frag_ratio:1.00
",
  "allocator_frag_bytes:0
",
  "allocator_rss_ratio:1.00
",
  "allocator_rss_bytes:0
",
  "rss_overhead_ratio:1.00
",
  "rss_overhead_bytes:0
",
  "mem_fragmentation_ratio:3.18
",
  "mem_fragmentation_bytes:9460464
",
  "mem_not_counted_for_evict:0
",
  "mem_replication_backlog:0
",
  "mem_total_replication_buffers:0
",
  "mem_replica_full_sync_buffer:0
",
  "mem_clients_slaves:0
",
  "mem_clients_normal:0
",
  "mem_cluster_links:0
",
  "mem_aof_buffer:0
",
  "mem_allocator:libc
",
  "mem_overhead_db_hashtable_rehashing:0
",
  "active_defrag_running:0
",
  "lazyfree_pending_objects:0
",
  "lazyfreed_objects:613
",
  "
",
  "# Persistence
",
  "loading:0
",
  "async_loading:0
",
  "current_cow_peak:0
",
  "current_cow_size:0
",
  "current_cow_size_age:0
",
  "current_fork_perc:0.00
",
  "current_save_keys_processed:0
",
  "current_save_keys_total:0
",
  "rdb_changes_since_last_save:0
",
  "rdb_bgsave_in_progress:0
",
  "rdb_last_save_time:1758899996
",
  "rdb_last_bgsave_status:ok
",
  "rdb_last_bgsave_time_sec:0
",
  "rdb_current_bgsave_time_sec:-1
",
  "rdb_saves:3
",
  "rdb_last_cow_size:0
",
  "rdb_last_load_keys_expired:0
",
  "rdb_last_load_keys_loaded:0
",
  "aof_enabled:0
",
  "aof_rewrite_in_progress:0
",
  "aof_rewrite_scheduled:0
",
  "aof_last_rewrite_time_sec:0
",
  "aof_current_rewrite_time_sec:-1
",
  "aof_last_bgrewrite_status:ok
",
  "aof_rewrites:1
",
  "aof_rewrites_consecutive_failures:0
",
  "aof_last_write_status:ok
",
  "aof_last_cow_size:0
",
  "module_fork_in_progress:0
",
  "module_fork_last_cow_size:0
",
  "
",
  "# Threads
",
  "io_thread_0:clients=1,reads=5849,writes=4887
",
  "
",
  "# Stats
",
  "total_connections_received:1162
",
  "total_commands_processed:6071
",
  "instantaneous_ops_per_sec:0
",
  "total_net_input_bytes:239979
",
  "total_net_output_bytes:6974361
",
  "total_net_repl_input_bytes:0
",
  "total_net_repl_output_bytes:0
",
  "instantaneous_input_kbps:0.00
",
  "instantaneous_output_kbps:0.00
",
  "instantaneous_input_repl_kbps:0.00
",
  "instantaneous_output_repl_kbps:0.00
",
  "rejected_connections:0
",
  "sync_full:0
",
  "sync_partial_ok:0
",
  "sync_partial_err:0
",
  "expired_subkeys:0
",
  "expired_keys:0
",
  "expired_stale_perc:0.00
",
  "expired_time_cap_reached_count:0
",
  "expire_cycle_cpu_milliseconds:2
",
  "evicted_keys:0
",
  "evicted_clients:0
",
  "evicted_scripts:0
",
  "total_eviction_exceeded_time:0
",
  "current_eviction_exceeded_time:0
",
  "keyspace_hits:541
",
  "keyspace_misses:196
",
  "pubsub_channels:0
",
  "pubsub_patterns:0
",
  "pubsubshard_channels:0
",
  "latest_fork_usec:1166
",
  "total_forks:2
",
  "migrate_cached_sockets:0
",
  "slave_expires_tracked_keys:0
",
  "active_defrag_hits:0
",
  "active_defrag_misses:0
",
  "active_defrag_key_hits:0
",
  "active_defrag_key_misses:0
",
  "total_active_defrag_time:0
",
  "current_active_defrag_time:0
",
  "tracking_total_keys:0
",
  "tracking_total_items:0
",
  "tracking_total_prefixes:0
",
  "unexpected_error_replies:0
",
  "total_error_replies:129
",
  "dump_payload_sanitizations:0
",
  "total_reads_processed:5849
",
  "total_writes_processed:4887
",
  "io_threaded_reads_processed:0
",
  "io_threaded_writes_processed:0
",
  "io_threaded_total_prefetch_batches:0
",
  "io_threaded_total_prefetch_entries:0
",
  "client_query_buffer_limit_disconnections:0
",
  "client_output_buffer_limit_disconnections:0
",
  "reply_buffer_shrinks:7
",
  "reply_buffer_expands:0
",
  "eventloop_cycles:7252
",
  "eventloop_duration_sum:4427479
",
  "eventloop_duration_cmd_sum:4109384
",
  "instantaneous_eventloop_cycles_per_sec:9
",
  "instantaneous_eventloop_duration_usec:133
",
  "acl_access_denied_auth:0
",
  "acl_access_denied_cmd:0
",
  "acl_access_denied_key:0
",
  "acl_access_denied_channel:0
",
  "
",
  "# Replication
",
  "role:master
",
  "connected_slaves:0
",
  "master_failover_state:no-failover
",
  "master_replid:97a8bee960a4c7ae90402c006b266ddac06d6254
",
  "master_replid2:0000000000000000000000000000000000000000
",
  "master_repl_offset:0
",
  "second_repl_offset:-1
",
  "repl_backlog_active:0
",
  "repl_backlog_size:1048576
",
  "repl_backlog_first_byte_offset:0
",
  "repl_backlog_histlen:0
",
  "
",
  "# CPU
",
  "used_cpu_sys:3.773392
",
  "used_cpu_user:0.936378
",
  "used_cpu_sys_children:0.012988
",
  "used_cpu_user_children:0.001228
",
  "
",
  "# Modules
",
  "module:name=vectorset,ver=1,api=1,filters=0,usedby=[],using=[],options=[handle-io-errors|handle-repl-async-load]
",
  "
",
  "# Errorstats
",
  "errorstat_ERR:count=102
",
  "errorstat_NOSCRIPT:count=2
",
  "errorstat_WRONGTYPE:count=25
",
  "
",
  "# Cluster
",
  "cluster_enabled:0
",
  "
",
  "# Keyspace
",
  "
",
  "# Keysizes
",
  "",
]
`;

exports[`info should return the Redis version number used during end-to-end testing 1`] = `
"redis_version:8.2.1
"
`;

exports[`infoBuffer should return default info with CRLF 1`] = `"redis_version:8.2.1"`;

exports[`infoBuffer should return enough info to be useful 1`] = `
[
  "# Server
",
  "redis_version:8.2.1
",
  "redis_git_sha1:00000000
",
  "redis_git_dirty:1
",
  "redis_build_id:dd46127e0d04fdb3
",
  "redis_mode:standalone
",
  "os:Darwin 24.5.0 arm64
",
  "arch_bits:64
",
  "monotonic_clock:POSIX clock_gettime
",
  "multiplexing_api:kqueue
",
  "atomicvar_api:c11-builtin
",
  "gcc_version:4.2.1
",
  "process_id:91601
",
  "process_supervised:no
",
  "run_id:6807cbd85489a778609e04bb7074bb5387ccc72b
",
  "tcp_port:6379
",
  "server_time_usec:1758900020283221
",
  "uptime_in_seconds:326
",
  "uptime_in_days:0
",
  "hz:10
",
  "configured_hz:10
",
  "lru_clock:14069556
",
  "executable:/tmp/redis-server
",
  "config_file:/opt/homebrew/etc/redis.conf
",
  "io_threads_active:0
",
  "listener0:name=tcp,bind=127.0.0.1,bind=::1,port=6379
",
  "
",
  "# Clients
",
  "connected_clients:1
",
  "cluster_connections:0
",
  "maxclients:10000
",
  "client_recent_max_input_buffer:0
",
  "client_recent_max_output_buffer:0
",
  "blocked_clients:0
",
  "tracking_clients:0
",
  "pubsub_clients:0
",
  "watching_clients:0
",
  "clients_in_timeout_table:0
",
  "total_watched_keys:0
",
  "total_blocking_keys:0
",
  "total_blocking_keys_on_nokey:0
",
  "
",
  "# Memory
",
  "used_memory:4354736
",
  "used_memory_human:4.15M
",
  "used_memory_rss:13795328
",
  "used_memory_rss_human:13.16M
",
  "used_memory_peak:5180592
",
  "used_memory_peak_human:4.94M
",
  "used_memory_peak_time:1758899914
",
  "used_memory_peak_perc:84.06%
",
  "used_memory_overhead:883392
",
  "used_memory_startup:801792
",
  "used_memory_dataset:3471344
",
  "used_memory_dataset_perc:97.70%
",
  "allocator_allocated:4334864
",
  "allocator_active:13795328
",
  "allocator_resident:13795328
",
  "allocator_muzzy:0
",
  "total_system_memory:137438953472
",
  "total_system_memory_human:128.00G
",
  "used_memory_lua:46080
",
  "used_memory_vm_eval:46080
",
  "used_memory_lua_human:45.00K
",
  "used_memory_scripts_eval:2536
",
  "number_of_cached_scripts:11
",
  "number_of_functions:0
",
  "number_of_libraries:0
",
  "used_memory_vm_functions:32768
",
  "used_memory_vm_total:78848
",
  "used_memory_vm_total_human:77.00K
",
  "used_memory_functions:216
",
  "used_memory_scripts:2752
",
  "used_memory_scripts_human:2.69K
",
  "maxmemory:0
",
  "maxmemory_human:0B
",
  "maxmemory_policy:noeviction
",
  "allocator_frag_ratio:1.00
",
  "allocator_frag_bytes:0
",
  "allocator_rss_ratio:1.00
",
  "allocator_rss_bytes:0
",
  "rss_overhead_ratio:1.00
",
  "rss_overhead_bytes:0
",
  "mem_fragmentation_ratio:3.18
",
  "mem_fragmentation_bytes:9460464
",
  "mem_not_counted_for_evict:0
",
  "mem_replication_backlog:0
",
  "mem_total_replication_buffers:0
",
  "mem_replica_full_sync_buffer:0
",
  "mem_clients_slaves:0
",
  "mem_clients_normal:0
",
  "mem_cluster_links:0
",
  "mem_aof_buffer:0
",
  "mem_allocator:libc
",
  "mem_overhead_db_hashtable_rehashing:0
",
  "active_defrag_running:0
",
  "lazyfree_pending_objects:0
",
  "lazyfreed_objects:613
",
  "
",
  "# Persistence
",
  "loading:0
",
  "async_loading:0
",
  "current_cow_peak:0
",
  "current_cow_size:0
",
  "current_cow_size_age:0
",
  "current_fork_perc:0.00
",
  "current_save_keys_processed:0
",
  "current_save_keys_total:0
",
  "rdb_changes_since_last_save:0
",
  "rdb_bgsave_in_progress:0
",
  "rdb_last_save_time:1758899996
",
  "rdb_last_bgsave_status:ok
",
  "rdb_last_bgsave_time_sec:0
",
  "rdb_current_bgsave_time_sec:-1
",
  "rdb_saves:3
",
  "rdb_last_cow_size:0
",
  "rdb_last_load_keys_expired:0
",
  "rdb_last_load_keys_loaded:0
",
  "aof_enabled:0
",
  "aof_rewrite_in_progress:0
",
  "aof_rewrite_scheduled:0
",
  "aof_last_rewrite_time_sec:0
",
  "aof_current_rewrite_time_sec:-1
",
  "aof_last_bgrewrite_status:ok
",
  "aof_rewrites:1
",
  "aof_rewrites_consecutive_failures:0
",
  "aof_last_write_status:ok
",
  "aof_last_cow_size:0
",
  "module_fork_in_progress:0
",
  "module_fork_last_cow_size:0
",
  "
",
  "# Threads
",
  "io_thread_0:clients=1,reads=5849,writes=4887
",
  "
",
  "# Stats
",
  "total_connections_received:1162
",
  "total_commands_processed:6071
",
  "instantaneous_ops_per_sec:0
",
  "total_net_input_bytes:239979
",
  "total_net_output_bytes:6974361
",
  "total_net_repl_input_bytes:0
",
  "total_net_repl_output_bytes:0
",
  "instantaneous_input_kbps:0.00
",
  "instantaneous_output_kbps:0.00
",
  "instantaneous_input_repl_kbps:0.00
",
  "instantaneous_output_repl_kbps:0.00
",
  "rejected_connections:0
",
  "sync_full:0
",
  "sync_partial_ok:0
",
  "sync_partial_err:0
",
  "expired_subkeys:0
",
  "expired_keys:0
",
  "expired_stale_perc:0.00
",
  "expired_time_cap_reached_count:0
",
  "expire_cycle_cpu_milliseconds:2
",
  "evicted_keys:0
",
  "evicted_clients:0
",
  "evicted_scripts:0
",
  "total_eviction_exceeded_time:0
",
  "current_eviction_exceeded_time:0
",
  "keyspace_hits:541
",
  "keyspace_misses:196
",
  "pubsub_channels:0
",
  "pubsub_patterns:0
",
  "pubsubshard_channels:0
",
  "latest_fork_usec:1166
",
  "total_forks:2
",
  "migrate_cached_sockets:0
",
  "slave_expires_tracked_keys:0
",
  "active_defrag_hits:0
",
  "active_defrag_misses:0
",
  "active_defrag_key_hits:0
",
  "active_defrag_key_misses:0
",
  "total_active_defrag_time:0
",
  "current_active_defrag_time:0
",
  "tracking_total_keys:0
",
  "tracking_total_items:0
",
  "tracking_total_prefixes:0
",
  "unexpected_error_replies:0
",
  "total_error_replies:129
",
  "dump_payload_sanitizations:0
",
  "total_reads_processed:5849
",
  "total_writes_processed:4887
",
  "io_threaded_reads_processed:0
",
  "io_threaded_writes_processed:0
",
  "io_threaded_total_prefetch_batches:0
",
  "io_threaded_total_prefetch_entries:0
",
  "client_query_buffer_limit_disconnections:0
",
  "client_output_buffer_limit_disconnections:0
",
  "reply_buffer_shrinks:7
",
  "reply_buffer_expands:0
",
  "eventloop_cycles:7252
",
  "eventloop_duration_sum:4427479
",
  "eventloop_duration_cmd_sum:4109384
",
  "instantaneous_eventloop_cycles_per_sec:9
",
  "instantaneous_eventloop_duration_usec:133
",
  "acl_access_denied_auth:0
",
  "acl_access_denied_cmd:0
",
  "acl_access_denied_key:0
",
  "acl_access_denied_channel:0
",
  "
",
  "# Replication
",
  "role:master
",
  "connected_slaves:0
",
  "master_failover_state:no-failover
",
  "master_replid:97a8bee960a4c7ae90402c006b266ddac06d6254
",
  "master_replid2:0000000000000000000000000000000000000000
",
  "master_repl_offset:0
",
  "second_repl_offset:-1
",
  "repl_backlog_active:0
",
  "repl_backlog_size:1048576
",
  "repl_backlog_first_byte_offset:0
",
  "repl_backlog_histlen:0
",
  "
",
  "# CPU
",
  "used_cpu_sys:3.773392
",
  "used_cpu_user:0.936378
",
  "used_cpu_sys_children:0.012988
",
  "used_cpu_user_children:0.001228
",
  "
",
  "# Modules
",
  "module:name=vectorset,ver=1,api=1,filters=0,usedby=[],using=[],options=[handle-io-errors|handle-repl-async-load]
",
  "
",
  "# Errorstats
",
  "errorstat_ERR:count=102
",
  "errorstat_NOSCRIPT:count=2
",
  "errorstat_WRONGTYPE:count=25
",
  "
",
  "# Cluster
",
  "cluster_enabled:0
",
  "
",
  "# Keyspace
",
  "
",
  "# Keysizes
",
  "",
]
`;

exports[`infoBuffer should return the Redis version number used during end-to-end testing 1`] = `
"redis_version:8.2.1
"
`;
