// Jest Snapshot v1, https://goo.gl/fbAQLP

exports[`info should return default info with CRLF 1`] = `"redis_version:7.4.5"`;

exports[`info should return enough info to be useful 1`] = `
[
  "# Server
",
  "redis_version:7.4.5
",
  "redis_git_sha1:00000000
",
  "redis_git_dirty:0
",
  "redis_build_id:69d83b5c4fd6c9e0
",
  "redis_mode:standalone
",
  "os:Linux 6.11.0-1018-azure x86_64
",
  "arch_bits:64
",
  "monotonic_clock:POSIX clock_gettime
",
  "multiplexing_api:epoll
",
  "atomicvar_api:c11-builtin
",
  "gcc_version:12.2.0
",
  "process_id:1
",
  "process_supervised:no
",
  "run_id:89db4d2c2bcb2b3b626cde09b9f99633cab2cb88
",
  "tcp_port:6379
",
  "server_time_usec:1758890769139843
",
  "uptime_in_seconds:66
",
  "uptime_in_days:0
",
  "hz:10
",
  "configured_hz:10
",
  "lru_clock:14060305
",
  "executable:/tmp/redis-server
",
  "config_file:
",
  "io_threads_active:0
",
  "listener0:name=tcp,bind=*,bind=-::*,port=6379
",
  "
",
  "# Clients
",
  "connected_clients:1
",
  "cluster_connections:0
",
  "maxclients:10000
",
  "client_recent_max_input_buffer:20480
",
  "client_recent_max_output_buffer:0
",
  "blocked_clients:0
",
  "tracking_clients:0
",
  "pubsub_clients:0
",
  "watching_clients:0
",
  "clients_in_timeout_table:0
",
  "total_watched_keys:0
",
  "total_blocking_keys:0
",
  "total_blocking_keys_on_nokey:0
",
  "
",
  "# Memory
",
  "used_memory:4309440
",
  "used_memory_human:4.11M
",
  "used_memory_rss:16990208
",
  "used_memory_rss_human:16.20M
",
  "used_memory_peak:4400544
",
  "used_memory_peak_human:4.20M
",
  "used_memory_peak_perc:97.93%
",
  "used_memory_overhead:948816
",
  "used_memory_startup:946096
",
  "used_memory_dataset:3360624
",
  "used_memory_dataset_perc:99.92%
",
  "allocator_allocated:5045176
",
  "allocator_active:5476352
",
  "allocator_resident:8732672
",
  "allocator_muzzy:0
",
  "total_system_memory:16772579328
",
  "total_system_memory_human:15.62G
",
  "used_memory_lua:41984
",
  "used_memory_vm_eval:41984
",
  "used_memory_lua_human:41.00K
",
  "used_memory_scripts_eval:2528
",
  "number_of_cached_scripts:11
",
  "number_of_functions:0
",
  "number_of_libraries:0
",
  "used_memory_vm_functions:32768
",
  "used_memory_vm_total:74752
",
  "used_memory_vm_total_human:73.00K
",
  "used_memory_functions:192
",
  "used_memory_scripts:2720
",
  "used_memory_scripts_human:2.66K
",
  "maxmemory:0
",
  "maxmemory_human:0B
",
  "maxmemory_policy:noeviction
",
  "allocator_frag_ratio:1.08
",
  "allocator_frag_bytes:338984
",
  "allocator_rss_ratio:1.59
",
  "allocator_rss_bytes:3256320
",
  "rss_overhead_ratio:1.95
",
  "rss_overhead_bytes:8257536
",
  "mem_fragmentation_ratio:3.98
",
  "mem_fragmentation_bytes:12720808
",
  "mem_not_counted_for_evict:0
",
  "mem_replication_backlog:0
",
  "mem_total_replication_buffers:0
",
  "mem_clients_slaves:0
",
  "mem_clients_normal:0
",
  "mem_cluster_links:0
",
  "mem_aof_buffer:0
",
  "mem_allocator:jemalloc-5.3.0
",
  "mem_overhead_db_hashtable_rehashing:0
",
  "active_defrag_running:0
",
  "lazyfree_pending_objects:0
",
  "lazyfreed_objects:455
",
  "
",
  "# Persistence
",
  "loading:0
",
  "async_loading:0
",
  "current_cow_peak:0
",
  "current_cow_size:0
",
  "current_cow_size_age:0
",
  "current_fork_perc:0.00
",
  "current_save_keys_processed:0
",
  "current_save_keys_total:0
",
  "rdb_changes_since_last_save:0
",
  "rdb_bgsave_in_progress:0
",
  "rdb_last_save_time:1758890769
",
  "rdb_last_bgsave_status:ok
",
  "rdb_last_bgsave_time_sec:0
",
  "rdb_current_bgsave_time_sec:-1
",
  "rdb_saves:3
",
  "rdb_last_cow_size:0
",
  "rdb_last_load_keys_expired:0
",
  "rdb_last_load_keys_loaded:0
",
  "aof_enabled:0
",
  "aof_rewrite_in_progress:0
",
  "aof_rewrite_scheduled:0
",
  "aof_last_rewrite_time_sec:0
",
  "aof_current_rewrite_time_sec:-1
",
  "aof_last_bgrewrite_status:ok
",
  "aof_rewrites:1
",
  "aof_rewrites_consecutive_failures:0
",
  "aof_last_write_status:ok
",
  "aof_last_cow_size:454656
",
  "module_fork_in_progress:0
",
  "module_fork_last_cow_size:0
",
  "
",
  "# Stats
",
  "total_connections_received:1024
",
  "total_commands_processed:5041
",
  "instantaneous_ops_per_sec:280
",
  "total_net_input_bytes:191339
",
  "total_net_output_bytes:5825866
",
  "total_net_repl_input_bytes:0
",
  "total_net_repl_output_bytes:0
",
  "instantaneous_input_kbps:9.81
",
  "instantaneous_output_kbps:363.62
",
  "instantaneous_input_repl_kbps:0.00
",
  "instantaneous_output_repl_kbps:0.00
",
  "rejected_connections:0
",
  "sync_full:0
",
  "sync_partial_ok:0
",
  "sync_partial_err:0
",
  "expired_subkeys:0
",
  "expired_keys:17
",
  "expired_stale_perc:2.94
",
  "expired_time_cap_reached_count:0
",
  "expire_cycle_cpu_milliseconds:0
",
  "evicted_keys:0
",
  "evicted_clients:0
",
  "evicted_scripts:0
",
  "total_eviction_exceeded_time:0
",
  "current_eviction_exceeded_time:0
",
  "keyspace_hits:420
",
  "keyspace_misses:154
",
  "pubsub_channels:0
",
  "pubsub_patterns:0
",
  "pubsubshard_channels:0
",
  "latest_fork_usec:381
",
  "total_forks:2
",
  "migrate_cached_sockets:0
",
  "slave_expires_tracked_keys:0
",
  "active_defrag_hits:0
",
  "active_defrag_misses:0
",
  "active_defrag_key_hits:0
",
  "active_defrag_key_misses:0
",
  "total_active_defrag_time:0
",
  "current_active_defrag_time:0
",
  "tracking_total_keys:0
",
  "tracking_total_items:0
",
  "tracking_total_prefixes:0
",
  "unexpected_error_replies:0
",
  "total_error_replies:105
",
  "dump_payload_sanitizations:0
",
  "total_reads_processed:5581
",
  "total_writes_processed:4322
",
  "io_threaded_reads_processed:0
",
  "io_threaded_writes_processed:0
",
  "client_query_buffer_limit_disconnections:0
",
  "client_output_buffer_limit_disconnections:0
",
  "reply_buffer_shrinks:16
",
  "reply_buffer_expands:0
",
  "eventloop_cycles:7230
",
  "eventloop_duration_sum:1145811
",
  "eventloop_duration_cmd_sum:808940
",
  "instantaneous_eventloop_cycles_per_sec:418
",
  "instantaneous_eventloop_duration_usec:188
",
  "acl_access_denied_auth:0
",
  "acl_access_denied_cmd:0
",
  "acl_access_denied_key:0
",
  "acl_access_denied_channel:0
",
  "
",
  "# Replication
",
  "role:master
",
  "connected_slaves:0
",
  "master_failover_state:no-failover
",
  "master_replid:1118e187c5901ff895d29d928fd8a167c1c3f635
",
  "master_replid2:0000000000000000000000000000000000000000
",
  "master_repl_offset:0
",
  "second_repl_offset:-1
",
  "repl_backlog_active:0
",
  "repl_backlog_size:1048576
",
  "repl_backlog_first_byte_offset:0
",
  "repl_backlog_histlen:0
",
  "
",
  "# CPU
",
  "used_cpu_sys:0.565242
",
  "used_cpu_user:0.410581
",
  "used_cpu_sys_children:0.005084
",
  "used_cpu_user_children:0.001421
",
  "used_cpu_sys_main_thread:0.543961
",
  "used_cpu_user_main_thread:0.352845
",
  "
",
  "# Modules
",
  "
",
  "# Errorstats
",
  "errorstat_ERR:count=84
",
  "errorstat_NOSCRIPT:count=2
",
  "errorstat_WRONGTYPE:count=19
",
  "
",
  "# Cluster
",
  "cluster_enabled:0
",
  "
",
  "# Keyspace
",
  "",
]
`;

exports[`info should return the Redis version number used during end-to-end testing 1`] = `
"redis_version:7.4.5
"
`;

exports[`infoBuffer should return default info with CRLF 1`] = `"redis_version:7.4.5"`;

exports[`infoBuffer should return enough info to be useful 1`] = `
[
  "# Server
",
  "redis_version:7.4.5
",
  "redis_git_sha1:00000000
",
  "redis_git_dirty:0
",
  "redis_build_id:69d83b5c4fd6c9e0
",
  "redis_mode:standalone
",
  "os:Linux 6.11.0-1018-azure x86_64
",
  "arch_bits:64
",
  "monotonic_clock:POSIX clock_gettime
",
  "multiplexing_api:epoll
",
  "atomicvar_api:c11-builtin
",
  "gcc_version:12.2.0
",
  "process_id:1
",
  "process_supervised:no
",
  "run_id:89db4d2c2bcb2b3b626cde09b9f99633cab2cb88
",
  "tcp_port:6379
",
  "server_time_usec:1758890769139843
",
  "uptime_in_seconds:66
",
  "uptime_in_days:0
",
  "hz:10
",
  "configured_hz:10
",
  "lru_clock:14060305
",
  "executable:/tmp/redis-server
",
  "config_file:
",
  "io_threads_active:0
",
  "listener0:name=tcp,bind=*,bind=-::*,port=6379
",
  "
",
  "# Clients
",
  "connected_clients:1
",
  "cluster_connections:0
",
  "maxclients:10000
",
  "client_recent_max_input_buffer:20480
",
  "client_recent_max_output_buffer:0
",
  "blocked_clients:0
",
  "tracking_clients:0
",
  "pubsub_clients:0
",
  "watching_clients:0
",
  "clients_in_timeout_table:0
",
  "total_watched_keys:0
",
  "total_blocking_keys:0
",
  "total_blocking_keys_on_nokey:0
",
  "
",
  "# Memory
",
  "used_memory:4309440
",
  "used_memory_human:4.11M
",
  "used_memory_rss:16990208
",
  "used_memory_rss_human:16.20M
",
  "used_memory_peak:4400544
",
  "used_memory_peak_human:4.20M
",
  "used_memory_peak_perc:97.93%
",
  "used_memory_overhead:948816
",
  "used_memory_startup:946096
",
  "used_memory_dataset:3360624
",
  "used_memory_dataset_perc:99.92%
",
  "allocator_allocated:5045176
",
  "allocator_active:5476352
",
  "allocator_resident:8732672
",
  "allocator_muzzy:0
",
  "total_system_memory:16772579328
",
  "total_system_memory_human:15.62G
",
  "used_memory_lua:41984
",
  "used_memory_vm_eval:41984
",
  "used_memory_lua_human:41.00K
",
  "used_memory_scripts_eval:2528
",
  "number_of_cached_scripts:11
",
  "number_of_functions:0
",
  "number_of_libraries:0
",
  "used_memory_vm_functions:32768
",
  "used_memory_vm_total:74752
",
  "used_memory_vm_total_human:73.00K
",
  "used_memory_functions:192
",
  "used_memory_scripts:2720
",
  "used_memory_scripts_human:2.66K
",
  "maxmemory:0
",
  "maxmemory_human:0B
",
  "maxmemory_policy:noeviction
",
  "allocator_frag_ratio:1.08
",
  "allocator_frag_bytes:338984
",
  "allocator_rss_ratio:1.59
",
  "allocator_rss_bytes:3256320
",
  "rss_overhead_ratio:1.95
",
  "rss_overhead_bytes:8257536
",
  "mem_fragmentation_ratio:3.98
",
  "mem_fragmentation_bytes:12720808
",
  "mem_not_counted_for_evict:0
",
  "mem_replication_backlog:0
",
  "mem_total_replication_buffers:0
",
  "mem_clients_slaves:0
",
  "mem_clients_normal:0
",
  "mem_cluster_links:0
",
  "mem_aof_buffer:0
",
  "mem_allocator:jemalloc-5.3.0
",
  "mem_overhead_db_hashtable_rehashing:0
",
  "active_defrag_running:0
",
  "lazyfree_pending_objects:0
",
  "lazyfreed_objects:455
",
  "
",
  "# Persistence
",
  "loading:0
",
  "async_loading:0
",
  "current_cow_peak:0
",
  "current_cow_size:0
",
  "current_cow_size_age:0
",
  "current_fork_perc:0.00
",
  "current_save_keys_processed:0
",
  "current_save_keys_total:0
",
  "rdb_changes_since_last_save:0
",
  "rdb_bgsave_in_progress:0
",
  "rdb_last_save_time:1758890769
",
  "rdb_last_bgsave_status:ok
",
  "rdb_last_bgsave_time_sec:0
",
  "rdb_current_bgsave_time_sec:-1
",
  "rdb_saves:3
",
  "rdb_last_cow_size:0
",
  "rdb_last_load_keys_expired:0
",
  "rdb_last_load_keys_loaded:0
",
  "aof_enabled:0
",
  "aof_rewrite_in_progress:0
",
  "aof_rewrite_scheduled:0
",
  "aof_last_rewrite_time_sec:0
",
  "aof_current_rewrite_time_sec:-1
",
  "aof_last_bgrewrite_status:ok
",
  "aof_rewrites:1
",
  "aof_rewrites_consecutive_failures:0
",
  "aof_last_write_status:ok
",
  "aof_last_cow_size:454656
",
  "module_fork_in_progress:0
",
  "module_fork_last_cow_size:0
",
  "
",
  "# Stats
",
  "total_connections_received:1024
",
  "total_commands_processed:5041
",
  "instantaneous_ops_per_sec:280
",
  "total_net_input_bytes:191339
",
  "total_net_output_bytes:5825866
",
  "total_net_repl_input_bytes:0
",
  "total_net_repl_output_bytes:0
",
  "instantaneous_input_kbps:9.81
",
  "instantaneous_output_kbps:363.62
",
  "instantaneous_input_repl_kbps:0.00
",
  "instantaneous_output_repl_kbps:0.00
",
  "rejected_connections:0
",
  "sync_full:0
",
  "sync_partial_ok:0
",
  "sync_partial_err:0
",
  "expired_subkeys:0
",
  "expired_keys:17
",
  "expired_stale_perc:2.94
",
  "expired_time_cap_reached_count:0
",
  "expire_cycle_cpu_milliseconds:0
",
  "evicted_keys:0
",
  "evicted_clients:0
",
  "evicted_scripts:0
",
  "total_eviction_exceeded_time:0
",
  "current_eviction_exceeded_time:0
",
  "keyspace_hits:420
",
  "keyspace_misses:154
",
  "pubsub_channels:0
",
  "pubsub_patterns:0
",
  "pubsubshard_channels:0
",
  "latest_fork_usec:381
",
  "total_forks:2
",
  "migrate_cached_sockets:0
",
  "slave_expires_tracked_keys:0
",
  "active_defrag_hits:0
",
  "active_defrag_misses:0
",
  "active_defrag_key_hits:0
",
  "active_defrag_key_misses:0
",
  "total_active_defrag_time:0
",
  "current_active_defrag_time:0
",
  "tracking_total_keys:0
",
  "tracking_total_items:0
",
  "tracking_total_prefixes:0
",
  "unexpected_error_replies:0
",
  "total_error_replies:105
",
  "dump_payload_sanitizations:0
",
  "total_reads_processed:5581
",
  "total_writes_processed:4322
",
  "io_threaded_reads_processed:0
",
  "io_threaded_writes_processed:0
",
  "client_query_buffer_limit_disconnections:0
",
  "client_output_buffer_limit_disconnections:0
",
  "reply_buffer_shrinks:16
",
  "reply_buffer_expands:0
",
  "eventloop_cycles:7230
",
  "eventloop_duration_sum:1145811
",
  "eventloop_duration_cmd_sum:808940
",
  "instantaneous_eventloop_cycles_per_sec:418
",
  "instantaneous_eventloop_duration_usec:188
",
  "acl_access_denied_auth:0
",
  "acl_access_denied_cmd:0
",
  "acl_access_denied_key:0
",
  "acl_access_denied_channel:0
",
  "
",
  "# Replication
",
  "role:master
",
  "connected_slaves:0
",
  "master_failover_state:no-failover
",
  "master_replid:1118e187c5901ff895d29d928fd8a167c1c3f635
",
  "master_replid2:0000000000000000000000000000000000000000
",
  "master_repl_offset:0
",
  "second_repl_offset:-1
",
  "repl_backlog_active:0
",
  "repl_backlog_size:1048576
",
  "repl_backlog_first_byte_offset:0
",
  "repl_backlog_histlen:0
",
  "
",
  "# CPU
",
  "used_cpu_sys:0.565242
",
  "used_cpu_user:0.410581
",
  "used_cpu_sys_children:0.005084
",
  "used_cpu_user_children:0.001421
",
  "used_cpu_sys_main_thread:0.543961
",
  "used_cpu_user_main_thread:0.352845
",
  "
",
  "# Modules
",
  "
",
  "# Errorstats
",
  "errorstat_ERR:count=84
",
  "errorstat_NOSCRIPT:count=2
",
  "errorstat_WRONGTYPE:count=19
",
  "
",
  "# Cluster
",
  "cluster_enabled:0
",
  "
",
  "# Keyspace
",
  "",
]
`;

exports[`infoBuffer should return the Redis version number used during end-to-end testing 1`] = `
"redis_version:7.4.5
"
`;
