// Jest Snapshot v1, https://goo.gl/fbAQLP

exports[`object encoding returns the internal encoding for the Redis object 1`] = `"embstr"`;

exports[`object encoding returns the internal encoding for the Redis object 2`] = `"int"`;

exports[`object encoding returns the internal encoding for the Redis object 3`] = `"quicklist"`;

exports[`object encoding returns the internal encoding for the Redis object 4`] = `"intset"`;

exports[`object encoding returns the internal encoding for the Redis object 5`] = `"hashtable"`;

exports[`object encoding returns the internal encoding for the Redis object 6`] = `"listpack"`;

exports[`object encoding returns the internal encoding for the Redis object 7`] = `"listpack"`;

exports[`object encoding should throw on wrong number of arguments 1`] = `"ERR wrong number of arguments for 'object|encoding' command"`;

exports[`object encoding should throw on wrong number of arguments 2`] = `"ERR wrong number of arguments for 'object|encoding' command"`;

exports[`object should throw on unknown subcommand 1`] = `"ERR unknown subcommand 'foobar'. Try OBJECT HELP."`;

exports[`objectBuffer encoding returns the internal encoding for the Redis object 1`] = `Buffer<65 6d 62 73 74 72>`;

exports[`objectBuffer encoding returns the internal encoding for the Redis object 2`] = `Buffer<69 6e 74>`;

exports[`objectBuffer encoding returns the internal encoding for the Redis object 3`] = `Buffer<71 75 69 63 6b 6c 69 73 74>`;

exports[`objectBuffer encoding returns the internal encoding for the Redis object 4`] = `Buffer<69 6e 74 73 65 74>`;

exports[`objectBuffer encoding returns the internal encoding for the Redis object 5`] = `Buffer<68 61 73 68 74 61 62 6c 65>`;

exports[`objectBuffer encoding returns the internal encoding for the Redis object 6`] = `Buffer<6c 69 73 74 70 61 63 6b>`;

exports[`objectBuffer encoding returns the internal encoding for the Redis object 7`] = `Buffer<6c 69 73 74 70 61 63 6b>`;

exports[`objectBuffer encoding should throw on wrong number of arguments 1`] = `"ERR wrong number of arguments for 'object|encoding' command"`;

exports[`objectBuffer encoding should throw on wrong number of arguments 2`] = `"ERR wrong number of arguments for 'object|encoding' command"`;

exports[`objectBuffer should throw on unknown subcommand 1`] = `"ERR unknown subcommand 'foobar'. Try OBJECT HELP."`;
